{
    "id": 1,
    "created_at": "2024-07-26T09:09:35.000000Z",
    "updated_at": "2024-07-26T09:09:35.000000Z",
    "first_name": "John",
    "last_name": "Doe",
    "email": "john-doe-customer@example.com",
    "phone": "555-555-5555",
    "address": "Fake St. 22b",
    "city": "Berlin",
    "country": "Germany",
    "subtotal": 234000,
    "total": 263250,
    "line_items": [
        {
            "id": 1,
            "created_at": "2024-07-26T09:09:35.000000Z",
            "updated_at": "2024-07-26T09:09:35.000000Z",
            "order_id": 1,
            "sku": "SKU-laptop-01",
            "name": "Laptop 01",
            "price": 40000,
            "quantity": 1
        },
        {
            "id": 2,
            "created_at": "2024-07-26T09:09:35.000000Z",
            "updated_at": "2024-07-26T09:09:35.000000Z",
            "order_id": 1,
            "sku": "SKU-laptop-02",
            "name": "Laptop 02",
            "price": 44000,
            "quantity": 1
        },
        {
            "id": 3,
            "created_at": "2024-07-26T09:09:35.000000Z",
            "updated_at": "2024-07-26T09:09:35.000000Z",
            "order_id": 1,
            "sku": "SKU-laptop-03",
            "name": "Laptop 03",
            "price": 150000,
            "quantity": 1
        }
    ],
    "modifiers": [
        {
            "id": 1,
            "created_at": "2024-07-26T09:09:35.000000Z",
            "updated_at": "2024-07-26T09:09:35.000000Z",
            "order_id": 1,
            "name": "PDV",
            "description": "PDV 25%: +58500"
        },
        {
            "id": 2,
            "created_at": "2024-07-26T09:09:35.000000Z",
            "updated_at": "2024-07-26T09:09:35.000000Z",
            "order_id": 1,
            "name": "Discount",
            "description": "Discount 10%: -29250"
        }
    ]
}
