{
    "message": "No query results for model [App\\Models\\Product] SKU-dummy-404"
}
