{
    "message": "No query results for model [App\\Models\\Product] SKU-laptop-16"
}
